Archive member included because of file (symbol)

c:/winavr-20100110/bin/../lib/gcc/avr/4.3.3/avr5\libgcc.a(_exit.o)
                              c:/winavr-20100110/bin/../lib/gcc/avr/4.3.3/../../../../avr/lib/avr5/crtm16.o (exit)
c:/winavr-20100110/bin/../lib/gcc/avr/4.3.3/avr5\libgcc.a(_clear_bss.o)
                              ./MCAL/I2C/I2C_Program.o (__do_clear_bss)

Allocating common symbols
Common symbol       size              file

gu8arr_error        0xc8              ./MCAL/I2C/I2C_Program.o

Memory Configuration

Name             Origin             Length             Attributes
text             0x00000000         0x00020000         xr
data             0x00800060         0x0000ffa0         rw !x
eeprom           0x00810000         0x00010000         rw !x
fuse             0x00820000         0x00000400         rw !x
lock             0x00830000         0x00000400         rw !x
signature        0x00840000         0x00000400         rw !x
*default*        0x00000000         0xffffffff

Linker script and memory map

LOAD c:/winavr-20100110/bin/../lib/gcc/avr/4.3.3/../../../../avr/lib/avr5/crtm16.o
LOAD ./MCAL/SPI/SPI_Program.o
LOAD ./MCAL/I2C/I2C_Program.o
LOAD ./MCAL/DIO/DIO_program.o
LOAD ./LIB/DET/Det.o
LOAD ./HAL/LED/LED_Program.o
LOAD ./main.o
LOAD c:/winavr-20100110/bin/../lib/gcc/avr/4.3.3/avr5\libgcc.a
LOAD c:/winavr-20100110/bin/../lib/gcc/avr/4.3.3/../../../../avr/lib/avr5\libc.a
LOAD c:/winavr-20100110/bin/../lib/gcc/avr/4.3.3/avr5\libgcc.a

.hash
 *(.hash)

.dynsym
 *(.dynsym)

.dynstr
 *(.dynstr)

.gnu.version
 *(.gnu.version)

.gnu.version_d
 *(.gnu.version_d)

.gnu.version_r
 *(.gnu.version_r)

.rel.init
 *(.rel.init)

.rela.init
 *(.rela.init)

.rel.text
 *(.rel.text)
 *(.rel.text.*)
 *(.rel.gnu.linkonce.t*)

.rela.text
 *(.rela.text)
 *(.rela.text.*)
 *(.rela.gnu.linkonce.t*)

.rel.fini
 *(.rel.fini)

.rela.fini
 *(.rela.fini)

.rel.rodata
 *(.rel.rodata)
 *(.rel.rodata.*)
 *(.rel.gnu.linkonce.r*)

.rela.rodata
 *(.rela.rodata)
 *(.rela.rodata.*)
 *(.rela.gnu.linkonce.r*)

.rel.data
 *(.rel.data)
 *(.rel.data.*)
 *(.rel.gnu.linkonce.d*)

.rela.data
 *(.rela.data)
 *(.rela.data.*)
 *(.rela.gnu.linkonce.d*)

.rel.ctors
 *(.rel.ctors)

.rela.ctors
 *(.rela.ctors)

.rel.dtors
 *(.rel.dtors)

.rela.dtors
 *(.rela.dtors)

.rel.got
 *(.rel.got)

.rela.got
 *(.rela.got)

.rel.bss
 *(.rel.bss)

.rela.bss
 *(.rela.bss)

.rel.plt
 *(.rel.plt)

.rela.plt
 *(.rela.plt)

.text           0x00000000     0x12a2
 *(.vectors)
 .vectors       0x00000000       0x54 c:/winavr-20100110/bin/../lib/gcc/avr/4.3.3/../../../../avr/lib/avr5/crtm16.o
                0x00000000                __vectors
                0x00000000                __vector_default
 *(.vectors)
 *(.progmem.gcc*)
 *(.progmem*)
                0x00000054                . = ALIGN (0x2)
                0x00000054                __trampolines_start = .
 *(.trampolines)
 .trampolines   0x00000054        0x0 linker stubs
 *(.trampolines*)
                0x00000054                __trampolines_end = .
 *(.jumptables)
 *(.jumptables*)
 *(.lowtext)
 *(.lowtext*)
                0x00000054                __ctors_start = .
 *(.ctors)
                0x00000054                __ctors_end = .
                0x00000054                __dtors_start = .
 *(.dtors)
                0x00000054                __dtors_end = .
 SORT(*)(.ctors)
 SORT(*)(.dtors)
 *(.init0)
 .init0         0x00000054        0x0 c:/winavr-20100110/bin/../lib/gcc/avr/4.3.3/../../../../avr/lib/avr5/crtm16.o
                0x00000054                __init
 *(.init0)
 *(.init1)
 *(.init1)
 *(.init2)
 .init2         0x00000054        0xc c:/winavr-20100110/bin/../lib/gcc/avr/4.3.3/../../../../avr/lib/avr5/crtm16.o
 *(.init2)
 *(.init3)
 *(.init3)
 *(.init4)
 .init4         0x00000060       0x10 c:/winavr-20100110/bin/../lib/gcc/avr/4.3.3/avr5\libgcc.a(_clear_bss.o)
                0x00000060                __do_clear_bss
 *(.init4)
 *(.init5)
 *(.init5)
 *(.init6)
 *(.init6)
 *(.init7)
 *(.init7)
 *(.init8)
 *(.init8)
 *(.init9)
 .init9         0x00000070        0x8 c:/winavr-20100110/bin/../lib/gcc/avr/4.3.3/../../../../avr/lib/avr5/crtm16.o
 *(.init9)
 *(.text)
 .text          0x00000078        0x4 c:/winavr-20100110/bin/../lib/gcc/avr/4.3.3/../../../../avr/lib/avr5/crtm16.o
                0x00000078                __vector_1
                0x00000078                __vector_12
                0x00000078                __bad_interrupt
                0x00000078                __vector_6
                0x00000078                __vector_3
                0x00000078                __vector_11
                0x00000078                __vector_13
                0x00000078                __vector_17
                0x00000078                __vector_19
                0x00000078                __vector_7
                0x00000078                __vector_5
                0x00000078                __vector_4
                0x00000078                __vector_9
                0x00000078                __vector_2
                0x00000078                __vector_15
                0x00000078                __vector_8
                0x00000078                __vector_14
                0x00000078                __vector_10
                0x00000078                __vector_16
                0x00000078                __vector_18
                0x00000078                __vector_20
 .text          0x0000007c        0x0 ./MCAL/SPI/SPI_Program.o
 .text          0x0000007c        0x0 ./MCAL/I2C/I2C_Program.o
 .text          0x0000007c        0x0 ./MCAL/DIO/DIO_program.o
 .text          0x0000007c        0x0 ./LIB/DET/Det.o
 .text          0x0000007c        0x0 ./HAL/LED/LED_Program.o
 .text          0x0000007c        0x0 ./main.o
 .text          0x0000007c        0x0 c:/winavr-20100110/bin/../lib/gcc/avr/4.3.3/avr5\libgcc.a(_exit.o)
 .text          0x0000007c        0x0 c:/winavr-20100110/bin/../lib/gcc/avr/4.3.3/avr5\libgcc.a(_clear_bss.o)
                0x0000007c                . = ALIGN (0x2)
 *(.text.*)
 .text.SPI_MasterInit
                0x0000007c       0x86 ./MCAL/SPI/SPI_Program.o
                0x0000007c                SPI_MasterInit
 .text.SPI_MasterTransmit
                0x00000102       0x26 ./MCAL/SPI/SPI_Program.o
                0x00000102                SPI_MasterTransmit
 .text.SPI_SlaveInit
                0x00000128       0x1e ./MCAL/SPI/SPI_Program.o
                0x00000128                SPI_SlaveInit
 .text.SPI_SlaveReceive
                0x00000146       0x1e ./MCAL/SPI/SPI_Program.o
                0x00000146                SPI_SlaveReceive
 .text.I2C_Init
                0x00000164       0x48 ./MCAL/I2C/I2C_Program.o
                0x00000164                I2C_Init
 .text.I2C_StartCondition
                0x000001ac       0x54 ./MCAL/I2C/I2C_Program.o
                0x000001ac                I2C_StartCondition
 .text.I2C_RepeatedStartCondition
                0x00000200       0x54 ./MCAL/I2C/I2C_Program.o
                0x00000200                I2C_RepeatedStartCondition
 .text.I2C_WriteToAddress
                0x00000254       0x70 ./MCAL/I2C/I2C_Program.o
                0x00000254                I2C_WriteToAddress
 .text.I2C_ReadFromAddress
                0x000002c4       0x70 ./MCAL/I2C/I2C_Program.o
                0x000002c4                I2C_ReadFromAddress
 .text.I2C_WriteData
                0x00000334       0x52 ./MCAL/I2C/I2C_Program.o
                0x00000334                I2C_WriteData
 .text.I2C_ReadWithACK
                0x00000386       0x5e ./MCAL/I2C/I2C_Program.o
                0x00000386                I2C_ReadWithACK
 .text.I2C_ReadWithoutACK
                0x000003e4       0x5e ./MCAL/I2C/I2C_Program.o
                0x000003e4                I2C_ReadWithoutACK
 .text.I2C_StopCondition
                0x00000442       0x2a ./MCAL/I2C/I2C_Program.o
                0x00000442                I2C_StopCondition
 .text.I2C_SlaveMatch
                0x0000046c       0x62 ./MCAL/I2C/I2C_Program.o
                0x0000046c                I2C_SlaveMatch
 .text.DIO_SetPinDircection
                0x000004ce      0x3dc ./MCAL/DIO/DIO_program.o
                0x000004ce                DIO_SetPinDircection
 .text.DIO_SetPortDirection
                0x000008aa      0x11a ./MCAL/DIO/DIO_program.o
                0x000008aa                DIO_SetPortDirection
 .text.DIO_SetPinValue
                0x000009c4      0x242 ./MCAL/DIO/DIO_program.o
                0x000009c4                DIO_SetPinValue
 .text.DIO_SetPortValue
                0x00000c06       0xa0 ./MCAL/DIO/DIO_program.o
                0x00000c06                DIO_SetPortValue
 .text.DIO_GetPinVal
                0x00000ca6      0x132 ./MCAL/DIO/DIO_program.o
                0x00000ca6                DIO_GetPinVal
 .text.DIO_GetPortValue
                0x00000dd8       0xb4 ./MCAL/DIO/DIO_program.o
                0x00000dd8                DIO_GetPortValue
 .text.DIO_TogglePin
                0x00000e8c      0x124 ./MCAL/DIO/DIO_program.o
                0x00000e8c                DIO_TogglePin
 .text.Det_ReportError
                0x00000fb0       0x4e ./LIB/DET/Det.o
                0x00000fb0                Det_ReportError
 .text.LED_Init
                0x00000ffe       0x9e ./HAL/LED/LED_Program.o
                0x00000ffe                LED_Init
 .text.LED_ON   0x0000109c       0x9e ./HAL/LED/LED_Program.o
                0x0000109c                LED_ON
 .text.LED_OFF  0x0000113a       0x9e ./HAL/LED/LED_Program.o
                0x0000113a                LED_OFF
 .text.LED_TOGGLE
                0x000011d8       0x96 ./HAL/LED/LED_Program.o
                0x000011d8                LED_TOGGLE
 .text.main     0x0000126e       0x30 ./main.o
                0x0000126e                main
 .text.libgcc   0x0000129e        0x0 c:/winavr-20100110/bin/../lib/gcc/avr/4.3.3/avr5\libgcc.a(_exit.o)
 .text.libgcc   0x0000129e        0x0 c:/winavr-20100110/bin/../lib/gcc/avr/4.3.3/avr5\libgcc.a(_clear_bss.o)
                0x0000129e                . = ALIGN (0x2)
 *(.fini9)
 .fini9         0x0000129e        0x0 c:/winavr-20100110/bin/../lib/gcc/avr/4.3.3/avr5\libgcc.a(_exit.o)
                0x0000129e                exit
                0x0000129e                _exit
 *(.fini9)
 *(.fini8)
 *(.fini8)
 *(.fini7)
 *(.fini7)
 *(.fini6)
 *(.fini6)
 *(.fini5)
 *(.fini5)
 *(.fini4)
 *(.fini4)
 *(.fini3)
 *(.fini3)
 *(.fini2)
 *(.fini2)
 *(.fini1)
 *(.fini1)
 *(.fini0)
 .fini0         0x0000129e        0x4 c:/winavr-20100110/bin/../lib/gcc/avr/4.3.3/avr5\libgcc.a(_exit.o)
 *(.fini0)
                0x000012a2                _etext = .

.data           0x00800060        0x0 load address 0x000012a2
                0x00800060                PROVIDE (__data_start, .)
 *(.data)
 .data          0x00800060        0x0 c:/winavr-20100110/bin/../lib/gcc/avr/4.3.3/../../../../avr/lib/avr5/crtm16.o
 .data          0x00800060        0x0 ./MCAL/SPI/SPI_Program.o
 .data          0x00800060        0x0 ./MCAL/I2C/I2C_Program.o
 .data          0x00800060        0x0 ./MCAL/DIO/DIO_program.o
 .data          0x00800060        0x0 ./LIB/DET/Det.o
 .data          0x00800060        0x0 ./HAL/LED/LED_Program.o
 .data          0x00800060        0x0 ./main.o
 .data          0x00800060        0x0 c:/winavr-20100110/bin/../lib/gcc/avr/4.3.3/avr5\libgcc.a(_exit.o)
 .data          0x00800060        0x0 c:/winavr-20100110/bin/../lib/gcc/avr/4.3.3/avr5\libgcc.a(_clear_bss.o)
 *(.data*)
 *(.rodata)
 *(.rodata*)
 *(.gnu.linkonce.d*)
                0x00800060                . = ALIGN (0x2)
                0x00800060                _edata = .
                0x00800060                PROVIDE (__data_end, .)

.bss            0x00800060       0xc9
                0x00800060                PROVIDE (__bss_start, .)
 *(.bss)
 .bss           0x00800060        0x0 c:/winavr-20100110/bin/../lib/gcc/avr/4.3.3/../../../../avr/lib/avr5/crtm16.o
 .bss           0x00800060        0x0 ./MCAL/SPI/SPI_Program.o
 .bss           0x00800060        0x0 ./MCAL/I2C/I2C_Program.o
 .bss           0x00800060        0x0 ./MCAL/DIO/DIO_program.o
 .bss           0x00800060        0x0 ./LIB/DET/Det.o
 .bss           0x00800060        0x0 ./HAL/LED/LED_Program.o
 .bss           0x00800060        0x0 ./main.o
 .bss           0x00800060        0x0 c:/winavr-20100110/bin/../lib/gcc/avr/4.3.3/avr5\libgcc.a(_exit.o)
 .bss           0x00800060        0x0 c:/winavr-20100110/bin/../lib/gcc/avr/4.3.3/avr5\libgcc.a(_clear_bss.o)
 *(.bss*)
 .bss.index_row
                0x00800060        0x1 ./LIB/DET/Det.o
 *(COMMON)
 COMMON         0x00800061       0xc8 ./MCAL/I2C/I2C_Program.o
                0x00800061                gu8arr_error
                0x00800129                PROVIDE (__bss_end, .)
                0x000012a2                __data_load_start = LOADADDR (.data)
                0x000012a2                __data_load_end = (__data_load_start + SIZEOF (.data))

.noinit         0x00800129        0x0
                0x00800129                PROVIDE (__noinit_start, .)
 *(.noinit*)
                0x00800129                PROVIDE (__noinit_end, .)
                0x00800129                _end = .
                0x00800129                PROVIDE (__heap_start, .)

.eeprom         0x00810000        0x0
 *(.eeprom*)
                0x00810000                __eeprom_end = .

.fuse
 *(.fuse)
 *(.lfuse)
 *(.hfuse)
 *(.efuse)

.lock
 *(.lock*)

.signature
 *(.signature*)

.stab           0x00000000     0x1c74
 *(.stab)
 .stab          0x00000000      0x2d0 ./MCAL/SPI/SPI_Program.o
 .stab          0x000002d0      0x7a4 ./MCAL/I2C/I2C_Program.o
                                0x7b0 (size before relaxing)
 .stab          0x00000a74      0x9c0 ./MCAL/DIO/DIO_program.o
                                0x9cc (size before relaxing)
 .stab          0x00001434      0x1ec ./LIB/DET/Det.o
                                0x1f8 (size before relaxing)
 .stab          0x00001620      0x444 ./HAL/LED/LED_Program.o
                                0x450 (size before relaxing)
 .stab          0x00001a64      0x210 ./main.o
                                0x264 (size before relaxing)

.stabstr        0x00000000      0x999
 *(.stabstr)
 .stabstr       0x00000000      0x999 ./MCAL/SPI/SPI_Program.o

.stab.excl
 *(.stab.excl)

.stab.exclstr
 *(.stab.exclstr)

.stab.index
 *(.stab.index)

.stab.indexstr
 *(.stab.indexstr)

.comment
 *(.comment)

.debug
 *(.debug)

.line
 *(.line)

.debug_srcinfo
 *(.debug_srcinfo)

.debug_sfnames
 *(.debug_sfnames)

.debug_aranges
 *(.debug_aranges)

.debug_pubnames
 *(.debug_pubnames)

.debug_info
 *(.debug_info)
 *(.gnu.linkonce.wi.*)

.debug_abbrev
 *(.debug_abbrev)

.debug_line
 *(.debug_line)

.debug_frame
 *(.debug_frame)

.debug_str
 *(.debug_str)

.debug_loc
 *(.debug_loc)

.debug_macinfo
 *(.debug_macinfo)
OUTPUT(I2C_Test_Slave.elf elf32-avr)
LOAD linker stubs
